// Jest Snapshot v1, https://goo.gl/fbAQLP

exports[`<SelectionItem /> renders and matches snapshot 1`] = `
<Memo()
  backend={[Function]}
>
  <SelectionItem
    item={
      Object {
        "bonus": "Wearer is also a Blademaster.",
        "buildsFrom": Array [
          "spatula",
          "recurvebow",
        ],
        "champs": Array [
          "Ashe",
          "Yasuo",
          "Zed",
        ],
        "depth": 2,
        "key": "bladeoftheruinedking",
        "kind": "advanced",
        "name": "Blade of the Ruined King",
        "tier": 1,
        "type": "Offensive",
      }
    }
  />
</Memo()>
`;
