// Jest Snapshot v1, https://goo.gl/fbAQLP

exports[`<SelectionChampion /> renders and matches snapshot 1`] = `
<styled.div>
  <styled.img
    alt="Blade of the Ruined King"
    src="https://rerollcdn.com/items/BladeoftheRuinedKing.png"
    title="Blade of the Ruined King"
  />
  <styled.div>
    <Styled(SynergyIcon)
      classOrOrigin="blademaster"
      type="default"
    />
    <styled.p>
      Wearer is also a Blademaster.
    </styled.p>
  </styled.div>
</styled.div>
`;
