// Jest Snapshot v1, https://goo.gl/fbAQLP

exports[`<App /> renders the Layout 1`] = `
<styled.div>
  <BrowserRouter>
    <Meta />
    <Header />
    <styled.main>
      <Route
        component={[Function]}
        exact={true}
        path="/"
      />
      <Route
        component={[Function]}
        path="/about"
      />
    </styled.main>
  </BrowserRouter>
</styled.div>
`;
