// Jest Snapshot v1, https://goo.gl/fbAQLP

exports[`<App /> renders the Layout 1`] = `
<styled.div>
  <Meta />
  <Header />
  <styled.main>
    <div>
      <p />
      <p />
      <button
        onClick={[Function]}
        style={
          Object {
            "color": "white",
          }
        }
      >
        Add Champion
      </button>
      <button
        onClick={[Function]}
        style={
          Object {
            "color": "white",
          }
        }
      >
        Add Champion
      </button>
    </div>
  </styled.main>
</styled.div>
`;
