// Jest Snapshot v1, https://goo.gl/fbAQLP

exports[`<BoardChampion /> render properly and matches snapshot 1`] = `
<Memo()
  backend={[Function]}
>
  <BoardChampion
    champion={
      Object {
        "cost": 1,
        "items": Array [],
        "name": "Kassadin",
        "synergies": Array [
          "void",
          "sorcerer",
        ],
      }
    }
    index={0}
  />
</Memo()>
`;
